Archive member included to satisfy reference by file (symbol)

contiki-native.a(rimeaddr.o)  example-neighbors.co (rimeaddr_copy)
contiki-native.a(broadcast.o)
                              example-neighbors.co (broadcast_open)
contiki-native.a(unicast.o)   example-neighbors.co (unicast_open)
contiki-native.a(abc.o)       contiki-native.a(broadcast.o) (abc_open)
contiki-native.a(channel.o)   contiki-native.a(abc.o) (channel_open)
contiki-native.a(memb.o)      example-neighbors.co (memb_alloc)
contiki-native.a(list.o)      contiki-native.a(channel.o) (list_init)
contiki-native.a(etimer.o)    example-neighbors.co (etimer_set)
contiki-native.a(random.o)    example-neighbors.co (random_rand)
contiki-native.a(packetbuf.o)
                              example-neighbors.co (packetbuf_dataptr)
contiki-native.a(contiki-main.o)
                              /usr/lib/gcc/x86_64-unknown-linux-gnu/5.3.0/../../../../lib/crt1.o (main)
contiki-native.a(clock.o)     contiki-native.a(etimer.o) (clock_time)
contiki-native.a(button-sensor.o)
                              contiki-native.a(contiki-main.o) (button_sensor)
contiki-native.a(pir-sensor.o)
                              contiki-native.a(contiki-main.o) (pir_sensor)
contiki-native.a(vib-sensor.o)
                              contiki-native.a(contiki-main.o) (vib_sensor)
contiki-native.a(sensors.o)   contiki-native.a(button-sensor.o) (sensors_changed)
contiki-native.a(rime.o)      contiki-native.a(abc.o) (rime_output)
contiki-native.a(announcement.o)
                              contiki-native.a(rime.o) (announcement_init)
contiki-native.a(broadcast-annou)
                              contiki-native.a(rime.o) (broadcast_announcement_init)
contiki-native.a(chameleon.o)
                              contiki-native.a(rime.o) (chameleon_init)
contiki-native.a(chameleon-bitop)
                              contiki-native.a(chameleon.o) (chameleon_bitopt)
contiki-native.a(nullmac.o)   contiki-native.a(contiki-main.o) (nullmac_driver)
contiki-native.a(nullrdc.o)   contiki-native.a(contiki-main.o) (nullrdc_driver)
contiki-native.a(mac.o)       contiki-native.a(nullrdc.o) (mac_call_sent_callback)
contiki-native.a(framer-nullmac.)
                              contiki-native.a(nullrdc.o) (framer_nullmac)
contiki-native.a(process.o)   contiki-native.a(etimer.o) (process_current)
contiki-native.a(autostart.o)
                              contiki-native.a(contiki-main.o) (autostart_start)
contiki-native.a(serial-line.o)
                              contiki-native.a(contiki-main.o) (serial_line_input_byte)
contiki-native.a(timer.o)     contiki-native.a(etimer.o) (timer_set)
contiki-native.a(ctimer.o)    contiki-native.a(contiki-main.o) (ctimer_init)
contiki-native.a(ringbuf.o)   contiki-native.a(serial-line.o) (ringbuf_init)
contiki-native.a(netstack.o)  contiki-native.a(contiki-main.o) (netstack_init)
contiki-native.a(queuebuf.o)  contiki-native.a(contiki-main.o) (queuebuf_init)
contiki-native.a(tcpip.o)     contiki-native.a(contiki-main.o) (tcpip_process)
contiki-native.a(uip.o)       contiki-native.a(tcpip.o) (uip_aligned_buf)
contiki-native.a(nullradio.o)
                              contiki-native.a(nullrdc.o) (nullradio_driver)
/usr/lib/libc_nonshared.a(elf-init.oS)
                              /usr/lib/gcc/x86_64-unknown-linux-gnu/5.3.0/../../../../lib/crt1.o (__libc_csu_init)

Allocating common symbols
Common symbol       size              file

uip_draddr          0x4               contiki-native.a(uip.o)
uip_slen            0x2               contiki-native.a(uip.o)
uip_acc32           0x4               contiki-native.a(uip.o)
uip_conns           0x780             contiki-native.a(uip.o)
uip_netmask         0x4               contiki-native.a(uip.o)
uip_hostaddr        0x4               contiki-native.a(uip.o)
serial_line_event_message
                    0x1               contiki-native.a(serial-line.o)
uip_appdata         0x8               contiki-native.a(uip.o)
uip_flags           0x1               contiki-native.a(uip.o)
packetbuf_attrs     0x30              contiki-native.a(packetbuf.o)
uip_aligned_buf     0x1a4             contiki-native.a(uip.o)
contiki_argv        0x8               contiki-native.a(contiki-main.o)
uip_listenports     0x50              contiki-native.a(uip.o)
uip_len             0x2               contiki-native.a(uip.o)
tcpip_event         0x1               contiki-native.a(tcpip.o)
uip_sappdata        0x8               contiki-native.a(uip.o)
sensors_event       0x1               contiki-native.a(sensors.o)
uip_udp_conns       0x140             contiki-native.a(uip.o)
rimeaddr_node_addr  0x2               contiki-native.a(rimeaddr.o)
packetbuf_addrs     0x8               contiki-native.a(packetbuf.o)
uip_udp_conn        0x8               contiki-native.a(uip.o)
sensors_flags       0x4               contiki-native.a(contiki-main.o)
uip_conn            0x8               contiki-native.a(uip.o)

Discarded input sections

 .note.GNU-stack
                0x0000000000000000        0x0 /usr/lib/gcc/x86_64-unknown-linux-gnu/5.3.0/../../../../lib/crt1.o
 .note.GNU-stack
                0x0000000000000000        0x0 /usr/lib/gcc/x86_64-unknown-linux-gnu/5.3.0/../../../../lib/crti.o
 .note.GNU-stack
                0x0000000000000000        0x0 /usr/lib/gcc/x86_64-unknown-linux-gnu/5.3.0/crtbegin.o
 .note.GNU-stack
                0x0000000000000000        0x0 example-neighbors.co
 .note.GNU-stack
                0x0000000000000000        0x0 contiki-native.a(rimeaddr.o)
 .note.GNU-stack
                0x0000000000000000        0x0 contiki-native.a(broadcast.o)
 .note.GNU-stack
                0x0000000000000000        0x0 contiki-native.a(unicast.o)
 .note.GNU-stack
                0x0000000000000000        0x0 contiki-native.a(abc.o)
 .note.GNU-stack
                0x0000000000000000        0x0 contiki-native.a(channel.o)
 .note.GNU-stack
                0x0000000000000000        0x0 contiki-native.a(memb.o)
 .note.GNU-stack
                0x0000000000000000        0x0 contiki-native.a(list.o)
 .note.GNU-stack
                0x0000000000000000        0x0 contiki-native.a(etimer.o)
 .note.GNU-stack
                0x0000000000000000        0x0 contiki-native.a(random.o)
 .note.GNU-stack
                0x0000000000000000        0x0 contiki-native.a(packetbuf.o)
 .note.GNU-stack
                0x0000000000000000        0x0 contiki-native.a(contiki-main.o)
 .note.GNU-stack
                0x0000000000000000        0x0 contiki-native.a(clock.o)
 .note.GNU-stack
                0x0000000000000000        0x0 contiki-native.a(button-sensor.o)
 .note.GNU-stack
                0x0000000000000000        0x0 contiki-native.a(pir-sensor.o)
 .note.GNU-stack
                0x0000000000000000        0x0 contiki-native.a(vib-sensor.o)
 .note.GNU-stack
                0x0000000000000000        0x0 contiki-native.a(sensors.o)
 .note.GNU-stack
                0x0000000000000000        0x0 contiki-native.a(rime.o)
 .note.GNU-stack
                0x0000000000000000        0x0 contiki-native.a(announcement.o)
 .note.GNU-stack
                0x0000000000000000        0x0 contiki-native.a(broadcast-annou)
 .note.GNU-stack
                0x0000000000000000        0x0 contiki-native.a(chameleon.o)
 .note.GNU-stack
                0x0000000000000000        0x0 contiki-native.a(chameleon-bitop)
 .note.GNU-stack
                0x0000000000000000        0x0 contiki-native.a(nullmac.o)
 .note.GNU-stack
                0x0000000000000000        0x0 contiki-native.a(nullrdc.o)
 .note.GNU-stack
                0x0000000000000000        0x0 contiki-native.a(mac.o)
 .note.GNU-stack
                0x0000000000000000        0x0 contiki-native.a(framer-nullmac.)
 .note.GNU-stack
                0x0000000000000000        0x0 contiki-native.a(process.o)
 .note.GNU-stack
                0x0000000000000000        0x0 contiki-native.a(autostart.o)
 .note.GNU-stack
                0x0000000000000000        0x0 contiki-native.a(serial-line.o)
 .note.GNU-stack
                0x0000000000000000        0x0 contiki-native.a(timer.o)
 .note.GNU-stack
                0x0000000000000000        0x0 contiki-native.a(ctimer.o)
 .note.GNU-stack
                0x0000000000000000        0x0 contiki-native.a(ringbuf.o)
 .note.GNU-stack
                0x0000000000000000        0x0 contiki-native.a(netstack.o)
 .note.GNU-stack
                0x0000000000000000        0x0 contiki-native.a(queuebuf.o)
 .note.GNU-stack
                0x0000000000000000        0x0 contiki-native.a(tcpip.o)
 .note.GNU-stack
                0x0000000000000000        0x0 contiki-native.a(uip.o)
 .note.GNU-stack
                0x0000000000000000        0x0 contiki-native.a(nullradio.o)
 .note.GNU-stack
                0x0000000000000000        0x0 /usr/lib/libc_nonshared.a(elf-init.oS)
 .note.GNU-stack
                0x0000000000000000        0x0 /usr/lib/gcc/x86_64-unknown-linux-gnu/5.3.0/crtend.o
 .note.GNU-stack
                0x0000000000000000        0x0 /usr/lib/gcc/x86_64-unknown-linux-gnu/5.3.0/../../../../lib/crtn.o

Memory Configuration

Name             Origin             Length             Attributes
*default*        0x0000000000000000 0xffffffffffffffff

Linker script and memory map

LOAD /usr/lib/gcc/x86_64-unknown-linux-gnu/5.3.0/../../../../lib/crt1.o
LOAD /usr/lib/gcc/x86_64-unknown-linux-gnu/5.3.0/../../../../lib/crti.o
LOAD /usr/lib/gcc/x86_64-unknown-linux-gnu/5.3.0/crtbegin.o
LOAD example-neighbors.co
LOAD contiki-native.a
LOAD /usr/lib/gcc/x86_64-unknown-linux-gnu/5.3.0/../../../../lib/libncurses.so
LOAD /usr/lib/gcc/x86_64-unknown-linux-gnu/5.3.0/../../../../lib/libncursesw.so
LOAD /usr/lib/gcc/x86_64-unknown-linux-gnu/5.3.0/libgcc.a
LOAD /usr/lib/gcc/x86_64-unknown-linux-gnu/5.3.0/../../../../lib/libgcc_s.so
LOAD /usr/lib/gcc/x86_64-unknown-linux-gnu/5.3.0/../../../../lib/libc.so
START GROUP
LOAD /usr/lib/libc.so.6
LOAD /usr/lib/libc_nonshared.a
LOAD /usr/lib/ld-linux-x86-64.so.2
END GROUP
LOAD /usr/lib/gcc/x86_64-unknown-linux-gnu/5.3.0/libgcc.a
LOAD /usr/lib/gcc/x86_64-unknown-linux-gnu/5.3.0/../../../../lib/libgcc_s.so
LOAD /usr/lib/gcc/x86_64-unknown-linux-gnu/5.3.0/crtend.o
LOAD /usr/lib/gcc/x86_64-unknown-linux-gnu/5.3.0/../../../../lib/crtn.o
                [!provide]                        PROVIDE (__executable_start, 0x400000)
                0x0000000000400200                . = (0x400000 + SIZEOF_HEADERS)

.interp         0x0000000000400200       0x1c
 *(.interp)
 .interp        0x0000000000400200       0x1c /usr/lib/gcc/x86_64-unknown-linux-gnu/5.3.0/../../../../lib/crt1.o

.note.ABI-tag   0x000000000040021c       0x20
 .note.ABI-tag  0x000000000040021c       0x20 /usr/lib/gcc/x86_64-unknown-linux-gnu/5.3.0/../../../../lib/crt1.o

.note.gnu.build-id
                0x000000000040023c       0x24
 *(.note.gnu.build-id)
 .note.gnu.build-id
                0x000000000040023c       0x24 /usr/lib/gcc/x86_64-unknown-linux-gnu/5.3.0/../../../../lib/crt1.o

.hash
 *(.hash)

.gnu.hash       0x0000000000400260      0x7f0
 *(.gnu.hash)
 .gnu.hash      0x0000000000400260      0x7f0 /usr/lib/gcc/x86_64-unknown-linux-gnu/5.3.0/../../../../lib/crt1.o

.dynsym         0x0000000000400a50     0x18a8
 *(.dynsym)
 .dynsym        0x0000000000400a50     0x18a8 /usr/lib/gcc/x86_64-unknown-linux-gnu/5.3.0/../../../../lib/crt1.o

.dynstr         0x00000000004022f8      0xed2
 *(.dynstr)
 .dynstr        0x00000000004022f8      0xed2 /usr/lib/gcc/x86_64-unknown-linux-gnu/5.3.0/../../../../lib/crt1.o

.gnu.version    0x00000000004031ca      0x20e
 *(.gnu.version)
 .gnu.version   0x00000000004031ca      0x20e /usr/lib/gcc/x86_64-unknown-linux-gnu/5.3.0/../../../../lib/crt1.o

.gnu.version_d  0x00000000004033d8        0x0
 *(.gnu.version_d)
 .gnu.version_d
                0x00000000004033d8        0x0 /usr/lib/gcc/x86_64-unknown-linux-gnu/5.3.0/../../../../lib/crt1.o

.gnu.version_r  0x00000000004033d8       0x30
 *(.gnu.version_r)
 .gnu.version_r
                0x00000000004033d8       0x30 /usr/lib/gcc/x86_64-unknown-linux-gnu/5.3.0/../../../../lib/crt1.o

.rela.dyn       0x0000000000403408       0x48
 *(.rela.init)
 *(.rela.text .rela.text.* .rela.gnu.linkonce.t.*)
 .rela.text     0x0000000000403408        0x0 /usr/lib/gcc/x86_64-unknown-linux-gnu/5.3.0/../../../../lib/crt1.o
 *(.rela.fini)
 *(.rela.rodata .rela.rodata.* .rela.gnu.linkonce.r.*)
 *(.rela.data .rela.data.* .rela.gnu.linkonce.d.*)
 .rela.data     0x0000000000403408        0x0 /usr/lib/gcc/x86_64-unknown-linux-gnu/5.3.0/../../../../lib/crt1.o
 *(.rela.tdata .rela.tdata.* .rela.gnu.linkonce.td.*)
 *(.rela.tbss .rela.tbss.* .rela.gnu.linkonce.tb.*)
 *(.rela.ctors)
 *(.rela.dtors)
 *(.rela.got)
 .rela.got      0x0000000000403408       0x18 /usr/lib/gcc/x86_64-unknown-linux-gnu/5.3.0/../../../../lib/crt1.o
 *(.rela.bss .rela.bss.* .rela.gnu.linkonce.b.*)
 .rela.bss      0x0000000000403420       0x30 /usr/lib/gcc/x86_64-unknown-linux-gnu/5.3.0/../../../../lib/crt1.o
 *(.rela.ldata .rela.ldata.* .rela.gnu.linkonce.l.*)
 *(.rela.lbss .rela.lbss.* .rela.gnu.linkonce.lb.*)
 *(.rela.lrodata .rela.lrodata.* .rela.gnu.linkonce.lr.*)
 *(.rela.ifunc)

.rela.plt       0x0000000000403450      0x168
 *(.rela.plt)
 .rela.plt      0x0000000000403450      0x168 /usr/lib/gcc/x86_64-unknown-linux-gnu/5.3.0/../../../../lib/crt1.o
                [!provide]                        PROVIDE (__rela_iplt_start, .)
 *(.rela.iplt)
 .rela.iplt     0x00000000004035b8        0x0 /usr/lib/gcc/x86_64-unknown-linux-gnu/5.3.0/../../../../lib/crt1.o
                [!provide]                        PROVIDE (__rela_iplt_end, .)

.init           0x00000000004035b8       0x1a
 *(SORT(.init))
 .init          0x00000000004035b8       0x15 /usr/lib/gcc/x86_64-unknown-linux-gnu/5.3.0/../../../../lib/crti.o
                0x00000000004035b8                _init
 .init          0x00000000004035cd        0x5 /usr/lib/gcc/x86_64-unknown-linux-gnu/5.3.0/../../../../lib/crtn.o

.plt            0x00000000004035e0      0x100
 *(.plt)
 .plt           0x00000000004035e0      0x100 /usr/lib/gcc/x86_64-unknown-linux-gnu/5.3.0/../../../../lib/crt1.o
                0x00000000004035f0                strncmp@@GLIBC_2.2.5
                0x0000000000403600                puts@@GLIBC_2.2.5
                0x0000000000403610                printf@@GLIBC_2.2.5
                0x0000000000403620                gettimeofday@@GLIBC_2.2.5
                0x0000000000403630                memset@@GLIBC_2.2.5
                0x0000000000403640                read@@GLIBC_2.2.5
                0x0000000000403650                __libc_start_main@@GLIBC_2.2.5
                0x0000000000403660                srand@@GLIBC_2.2.5
                0x0000000000403670                memcmp@@GLIBC_2.2.5
                0x0000000000403680                fprintf@@GLIBC_2.2.5
                0x0000000000403690                memcpy@@GLIBC_2.14
                0x00000000004036a0                select@@GLIBC_2.2.5
                0x00000000004036b0                setvbuf@@GLIBC_2.2.5
                0x00000000004036c0                perror@@GLIBC_2.2.5
                0x00000000004036d0                rand@@GLIBC_2.2.5
 *(.iplt)
 .iplt          0x00000000004036e0        0x0 /usr/lib/gcc/x86_64-unknown-linux-gnu/5.3.0/../../../../lib/crt1.o

.plt.got        0x00000000004036e0        0x8
 *(.plt.got)
 .plt.got       0x00000000004036e0        0x8 /usr/lib/gcc/x86_64-unknown-linux-gnu/5.3.0/../../../../lib/crt1.o

.plt.bnd
 *(.plt.bnd)

.text           0x00000000004036f0     0x4c32
 *(.text.unlikely .text.*_unlikely .text.unlikely.*)
 .text.unlikely
                0x00000000004036f0        0x0 /usr/lib/gcc/x86_64-unknown-linux-gnu/5.3.0/crtbegin.o
 .text.unlikely
                0x00000000004036f0        0x0 /usr/lib/libc_nonshared.a(elf-init.oS)
 *(.text.exit .text.exit.*)
 *(.text.startup .text.startup.*)
 *(.text.hot .text.hot.*)
 *(.text .stub .text.* .gnu.linkonce.t.*)
 .text          0x00000000004036f0       0x2a /usr/lib/gcc/x86_64-unknown-linux-gnu/5.3.0/../../../../lib/crt1.o
                0x00000000004036f0                _start
 .text          0x000000000040371a        0x0 /usr/lib/gcc/x86_64-unknown-linux-gnu/5.3.0/../../../../lib/crti.o
 *fill*         0x000000000040371a        0x6 
 .text          0x0000000000403720       0xc6 /usr/lib/gcc/x86_64-unknown-linux-gnu/5.3.0/crtbegin.o
 .text          0x00000000004037e6      0x3f1 example-neighbors.co
 .text          0x0000000000403bd7       0x2d contiki-native.a(rimeaddr.o)
                0x0000000000403bd7                rimeaddr_copy
                0x0000000000403bde                rimeaddr_cmp
                0x0000000000403bf9                rimeaddr_set_node_addr
 .text          0x0000000000403c04       0xa9 contiki-native.a(broadcast.o)
                0x0000000000403c54                broadcast_open
                0x0000000000403c82                broadcast_close
                0x0000000000403c90                broadcast_send
 .text          0x0000000000403cad       0xaf contiki-native.a(unicast.o)
                0x0000000000403d08                unicast_open
                0x0000000000403d36                unicast_close
                0x0000000000403d44                unicast_send
 .text          0x0000000000403d5c       0x76 contiki-native.a(abc.o)
                0x0000000000403d5c                abc_open
                0x0000000000403d85                abc_close
                0x0000000000403d93                abc_send
                0x0000000000403da1                abc_input
                0x0000000000403db9                abc_sent
 .text          0x0000000000403dd2       0xb4 contiki-native.a(channel.o)
                0x0000000000403dd2                channel_init
                0x0000000000403de5                channel_open
                0x0000000000403dff                channel_close
                0x0000000000403e15                channel_lookup
                0x0000000000403e57                channel_set_attributes
 .text          0x0000000000403e86      0x10b contiki-native.a(memb.o)
                0x0000000000403e86                memb_init
                0x0000000000403eb9                memb_alloc
                0x0000000000403f0d                memb_free
                0x0000000000403f69                memb_inmemb
 .text          0x0000000000403f91      0x144 contiki-native.a(list.o)
                0x0000000000403f91                list_init
                0x0000000000403f99                list_head
                0x0000000000403f9d                list_copy
                0x0000000000403fa4                list_tail
                0x0000000000403fc1                list_chop
                0x0000000000403ff4                list_pop
                0x0000000000404004                list_remove
                0x0000000000404046                list_add
                0x0000000000404073                list_push
                0x000000000040408d                list_length
                0x00000000004040ad                list_insert
                0x00000000004040c6                list_item_next
 .text          0x00000000004040d5      0x2f7 contiki-native.a(etimer.o)
                0x000000000040413a                etimer_request_poll
                0x00000000004042d9                etimer_set
                0x00000000004042ec                etimer_reset
                0x00000000004042ff                etimer_restart
                0x0000000000404312                etimer_adjust
                0x0000000000404326                etimer_expired
                0x0000000000404332                etimer_expiration_time
                0x000000000040433a                etimer_start_time
                0x000000000040433e                etimer_pending
                0x000000000040434d                etimer_next_expiration_time
                0x0000000000404363                etimer_stop
 .text          0x00000000004043cc       0x1f contiki-native.a(random.o)
                0x00000000004043cc                random_init
                0x00000000004043dd                random_rand
 .text          0x00000000004043eb      0x3d4 contiki-native.a(packetbuf.o)
                0x00000000004043eb                packetbuf_clear_hdr
                0x00000000004043f3                packetbuf_copyto_hdr
                0x000000000040441d                packetbuf_copyto
                0x0000000000404496                packetbuf_hdr_remove
                0x000000000040449e                packetbuf_hdrreduce
                0x00000000004044c8                packetbuf_set_datalen
                0x00000000004044d0                packetbuf_dataptr
                0x00000000004044de                packetbuf_hdrptr
                0x00000000004044ec                packetbuf_is_reference
                0x00000000004044fe                packetbuf_compact
                0x0000000000404582                packetbuf_reference_ptr
                0x000000000040458a                packetbuf_datalen
                0x0000000000404592                packetbuf_hdrlen
                0x000000000040459e                packetbuf_totlen
                0x00000000004045b4                packetbuf_hdralloc
                0x00000000004045f4                packetbuf_attr_clear
                0x0000000000404639                packetbuf_clear
                0x000000000040466b                packetbuf_copyfrom
                0x00000000004046ab                packetbuf_reference
                0x00000000004046d0                packetbuf_attr_copyto
                0x000000000040471c                packetbuf_attr_copyfrom
                0x0000000000404768                packetbuf_set_attr
                0x000000000040477a                packetbuf_attr
                0x0000000000404787                packetbuf_set_addr
                0x00000000004047ac                packetbuf_addr
 .text          0x00000000004047bf      0x32f contiki-native.a(contiki-main.o)
                0x00000000004047fb                select_set_callback
                0x000000000040489b                main
                0x0000000000404aa7                log_message
                0x0000000000404acc                uip_log
 .text          0x0000000000404aee       0x5e contiki-native.a(clock.o)
                0x0000000000404aee                clock_time
                0x0000000000404b30                clock_seconds
                0x0000000000404b4a                clock_delay
 .text          0x0000000000404b4c       0x25 contiki-native.a(button-sensor.o)
                0x0000000000404b5e                button_press
 .text          0x0000000000404b71       0x2c contiki-native.a(pir-sensor.o)
                0x0000000000404b84                pir_sensor_changed
 .text          0x0000000000404b9d       0x2d contiki-native.a(vib-sensor.o)
                0x0000000000404bb0                vib_sensor_changed
 .text          0x0000000000404bca      0x27e contiki-native.a(sensors.o)
                0x0000000000404d17                sensors_first
                0x0000000000404d1f                sensors_next
                0x0000000000404d70                sensors_changed
                0x0000000000404dcf                sensors_find
 .text          0x0000000000404e48      0x131 contiki-native.a(rime.o)
                0x0000000000404f26                rime_sniffer_add
                0x0000000000404f3c                rime_sniffer_remove
                0x0000000000404f52                rime_output
 .text          0x0000000000404f79      0x1a6 contiki-native.a(announcement.o)
                0x0000000000404f79                announcement_init
                0x0000000000404f8c                announcement_register
                0x0000000000404fd0                announcement_remove
                0x0000000000404fe6                announcement_remove_value
                0x000000000040501b                announcement_set_value
                0x0000000000405054                announcement_bump
                0x0000000000405080                announcement_listen
                0x0000000000405098                announcement_register_listen_callback
                0x00000000004050a0                announcement_register_observer_callback
                0x00000000004050a8                announcement_list
                0x00000000004050bb                announcement_heard
 .text          0x000000000040511f      0x1fd contiki-native.a(broadcast-annou)
                0x00000000004052aa                broadcast_announcement_init
                0x00000000004052ed                broadcast_announcement_stop
                0x0000000000405314                broadcast_announcement_beacon_interval
 .text          0x000000000040531c       0x6d contiki-native.a(chameleon.o)
                0x000000000040531c                chameleon_init
                0x000000000040532a                chameleon_parse
                0x000000000040534c                chameleon_create
                0x000000000040537a                chameleon_hdrsize
 .text          0x0000000000405389      0x45f contiki-native.a(chameleon-bitop)
                0x00000000004053aa                get_bits_in_byte
                0x00000000004053d6                get_bits
                0x00000000004055db                set_bits_in_byte
                0x00000000004055f7                set_bits
 .text          0x00000000004057e8       0x44 contiki-native.a(nullmac.o)
 .text          0x000000000040582c      0x159 contiki-native.a(nullrdc.o)
 .text          0x0000000000405985       0x1b contiki-native.a(mac.o)
                0x0000000000405985                mac_call_sent_callback
 .text          0x00000000004059a0       0x88 contiki-native.a(framer-nullmac.)
 .text          0x0000000000405a28      0x3cb contiki-native.a(process.o)
                0x0000000000405bad                process_alloc_event
                0x0000000000405bbe                process_exit
                0x0000000000405bd3                process_init
                0x0000000000405bff                process_run
                0x0000000000405cfb                process_nevents
                0x0000000000405d0f                process_post
                0x0000000000405d5b                process_post_synch
                0x0000000000405d75                process_start
                0x0000000000405dcb                process_poll
                0x0000000000405de8                process_is_running
 .text          0x0000000000405df3       0x69 contiki-native.a(autostart.o)
                0x0000000000405df3                autostart_start
                0x0000000000405e2a                autostart_exit
 .text          0x0000000000405e5c      0x187 contiki-native.a(serial-line.o)
                0x0000000000405f4d                serial_line_input_byte
                0x0000000000405fb7                serial_line_init
 .text          0x0000000000405fe3       0x59 contiki-native.a(timer.o)
                0x0000000000405fe3                timer_set
                0x0000000000405ff5                timer_reset
                0x0000000000405ffd                timer_restart
                0x000000000040600b                timer_expired
                0x0000000000406027                timer_remaining
 .text          0x000000000040603c      0x2a2 contiki-native.a(ctimer.o)
                0x0000000000406116                ctimer_init
                0x000000000040613f                ctimer_set
                0x00000000004061a6                ctimer_reset
                0x00000000004061fb                ctimer_restart
                0x0000000000406250                ctimer_stop
                0x0000000000406287                ctimer_expired
 .text          0x00000000004062de       0x9b contiki-native.a(ringbuf.o)
                0x00000000004062de                ringbuf_init
                0x00000000004062f0                ringbuf_put
                0x000000000040632c                ringbuf_get
                0x0000000000406360                ringbuf_size
                0x0000000000406368                ringbuf_elements
 .text          0x0000000000406379       0x21 contiki-native.a(netstack.o)
                0x0000000000406379                netstack_init
 .text          0x000000000040639a      0x22a contiki-native.a(queuebuf.o)
                0x000000000040639a                queuebuf_init
                0x00000000004063c1                queuebuf_new_from_packetbuf
                0x0000000000406461                queuebuf_update_attr_from_packetbuf
                0x0000000000406480                queuebuf_free
                0x00000000004064d1                queuebuf_to_packetbuf
                0x0000000000406559                queuebuf_dataptr
                0x0000000000406595                queuebuf_datalen
                0x000000000040659c                queuebuf_addr
                0x00000000004065b2                queuebuf_attr
                0x00000000004065c2                queuebuf_debug_print
 .text          0x00000000004065c4      0x58b contiki-native.a(tcpip.o)
                0x00000000004065e5                tcpip_output
                0x000000000040688f                tcpip_set_outputfunc
                0x0000000000406897                tcp_unlisten
                0x000000000040690c                tcp_listen
                0x0000000000406995                tcp_attach
                0x00000000004069a5                udp_attach
                0x00000000004069b5                udp_new
                0x00000000004069d7                udp_broadcast_new
                0x0000000000406a0e                tcpip_input
                0x0000000000406a34                tcpip_poll_udp
                0x0000000000406a4f                tcpip_poll_tcp
                0x0000000000406a6a                tcp_connect
                0x0000000000406aa4                tcpip_uipcall
 .text          0x0000000000406b4f     0x1723 contiki-native.a(uip.o)
                0x0000000000406bfb                uip_setipid
                0x0000000000406c03                uip_add32
                0x0000000000406ccb                uip_chksum
                0x0000000000406ce0                uip_ipchksum
                0x0000000000406d08                uip_tcpchksum
                0x0000000000406d14                uip_udpchksum
                0x0000000000406d20                uip_init
                0x0000000000406d77                uip_connect
                0x0000000000406ea3                uip_udp_new
                0x0000000000406fba                uip_unlisten
                0x0000000000407030                uip_listen
                0x00000000004070a4                uip_process
                0x0000000000408203                uip_htons
                0x000000000040820a                uip_htonl
                0x000000000040822d                uip_send
 .text          0x0000000000408272       0x3c contiki-native.a(nullradio.o)
 *fill*         0x00000000004082ae        0x2 
 .text          0x00000000004082b0       0x72 /usr/lib/libc_nonshared.a(elf-init.oS)
                0x00000000004082b0                __libc_csu_init
                0x0000000000408320                __libc_csu_fini
 .text          0x0000000000408322        0x0 /usr/lib/gcc/x86_64-unknown-linux-gnu/5.3.0/crtend.o
 .text          0x0000000000408322        0x0 /usr/lib/gcc/x86_64-unknown-linux-gnu/5.3.0/../../../../lib/crtn.o
 *(.gnu.warning)

.fini           0x0000000000408324        0x9
 *(SORT(.fini))
 .fini          0x0000000000408324        0x4 /usr/lib/gcc/x86_64-unknown-linux-gnu/5.3.0/../../../../lib/crti.o
                0x0000000000408324                _fini
 .fini          0x0000000000408328        0x5 /usr/lib/gcc/x86_64-unknown-linux-gnu/5.3.0/../../../../lib/crtn.o
                [!provide]                        PROVIDE (__etext, .)
                [!provide]                        PROVIDE (_etext, .)
                [!provide]                        PROVIDE (etext, .)

.rodata         0x0000000000408340      0x530
 *(.rodata .rodata.* .gnu.linkonce.r.*)
 .rodata.cst4   0x0000000000408340        0x4 /usr/lib/gcc/x86_64-unknown-linux-gnu/5.3.0/../../../../lib/crt1.o
                0x0000000000408340                _IO_stdin_used
 *fill*         0x0000000000408344        0x4 
 .rodata.str1.8
                0x0000000000408348       0x88 example-neighbors.co
                                         0x82 (size before relaxing)
 .rodata.str1.1
                0x00000000004083d0       0x3c example-neighbors.co
 *fill*         0x000000000040840c        0x4 
 .rodata        0x0000000000408410       0x38 example-neighbors.co
                0x0000000000408430                autostart_processes
 .rodata        0x0000000000408448        0x2 contiki-native.a(rimeaddr.o)
                0x0000000000408448                rimeaddr_null
 *fill*         0x000000000040844a        0x6 
 .rodata        0x0000000000408450       0x14 contiki-native.a(broadcast.o)
 *fill*         0x0000000000408464        0xc 
 .rodata        0x0000000000408470       0x16 contiki-native.a(unicast.o)
 .rodata        0x0000000000408486        0x2 contiki-native.a(abc.o)
 .rodata.str1.1
                0x0000000000408488        0xc contiki-native.a(etimer.o)
 .rodata.str1.1
                0x0000000000408494       0x5a contiki-native.a(contiki-main.o)
                                         0x62 (size before relaxing)
 *fill*         0x00000000004084ee        0x2 
 .rodata        0x00000000004084f0       0x10 contiki-native.a(contiki-main.o)
 .rodata.str1.1
                0x0000000000408500        0x7 contiki-native.a(button-sensor.o)
 *fill*         0x0000000000408507       0x19 
 .rodata        0x0000000000408520       0x20 contiki-native.a(button-sensor.o)
                0x0000000000408520                button_sensor
 .rodata.str1.1
                0x0000000000408540        0x4 contiki-native.a(pir-sensor.o)
 *fill*         0x0000000000408544       0x1c 
 .rodata        0x0000000000408560       0x20 contiki-native.a(pir-sensor.o)
                0x0000000000408560                pir_sensor
 .rodata.str1.1
                0x0000000000408580        0xa contiki-native.a(vib-sensor.o)
 *fill*         0x000000000040858a       0x16 
 .rodata        0x00000000004085a0       0x20 contiki-native.a(vib-sensor.o)
                0x00000000004085a0                vib_sensor
 .rodata.str1.1
                0x00000000004085c0        0x8 contiki-native.a(sensors.o)
 .rodata.str1.1
                0x00000000004085c8        0x5 contiki-native.a(rime.o)
 *fill*         0x00000000004085cd        0x3 
 .rodata        0x00000000004085d0       0x18 contiki-native.a(rime.o)
                0x00000000004085d0                rime_driver
 *fill*         0x00000000004085e8        0x8 
 .rodata        0x00000000004085f0       0x10 contiki-native.a(broadcast-annou)
 .rodata        0x0000000000408600       0x21 contiki-native.a(chameleon-bitop)
                0x0000000000408600                chameleon_bitopt
 .rodata.str1.1
                0x0000000000408621        0x8 contiki-native.a(nullmac.o)
 *fill*         0x0000000000408629       0x17 
 .rodata        0x0000000000408640       0x38 contiki-native.a(nullmac.o)
                0x0000000000408640                nullmac_driver
 .rodata.str1.1
                0x0000000000408678        0x8 contiki-native.a(nullrdc.o)
 .rodata        0x0000000000408680       0x40 contiki-native.a(nullrdc.o)
                0x0000000000408680                nullrdc_driver
 .rodata        0x00000000004086c0       0x10 contiki-native.a(framer-nullmac.)
                0x00000000004086c0                framer_nullmac
 .rodata.str1.1
                0x00000000004086d0        0xe contiki-native.a(serial-line.o)
 .rodata.str1.1
                0x00000000004086de        0xf contiki-native.a(ctimer.o)
 .rodata.str1.1
                0x00000000004086ed        0xd contiki-native.a(tcpip.o)
 *fill*         0x00000000004086fa        0x6 
 .rodata        0x0000000000408700      0x110 contiki-native.a(uip.o)
                0x0000000000408808                uip_all_zeroes_addr
                0x000000000040880c                uip_broadcast_addr
 *fill*         0x0000000000408810       0x10 
 .rodata        0x0000000000408820       0x50 contiki-native.a(nullradio.o)
                0x0000000000408820                nullradio_driver

.rodata1
 *(.rodata1)

.eh_frame_hdr   0x0000000000408870      0x814
 *(.eh_frame_hdr)
 .eh_frame_hdr  0x0000000000408870      0x814 /usr/lib/gcc/x86_64-unknown-linux-gnu/5.3.0/../../../../lib/crt1.o
                0x0000000000408870                __GNU_EH_FRAME_HDR
 *(.eh_frame_entry .eh_frame_entry.*)

.eh_frame       0x0000000000409088     0x1df4
 *(.eh_frame)
 .eh_frame      0x0000000000409088       0x30 /usr/lib/gcc/x86_64-unknown-linux-gnu/5.3.0/../../../../lib/crt1.o
 .eh_frame      0x00000000004090b8       0x40 /usr/lib/gcc/x86_64-unknown-linux-gnu/5.3.0/../../../../lib/crt1.o
 .eh_frame      0x00000000004090f8       0xd8 example-neighbors.co
                                         0xe8 (size before relaxing)
 .eh_frame      0x00000000004091d0       0x48 contiki-native.a(rimeaddr.o)
                                         0x58 (size before relaxing)
 .eh_frame      0x0000000000409218       0xa0 contiki-native.a(broadcast.o)
                                         0xb0 (size before relaxing)
 .eh_frame      0x00000000004092b8       0xa8 contiki-native.a(unicast.o)
                                         0xb8 (size before relaxing)
 .eh_frame      0x0000000000409360       0x90 contiki-native.a(abc.o)
                                         0xa8 (size before relaxing)
 .eh_frame      0x00000000004093f0       0x98 contiki-native.a(channel.o)
                                         0xb0 (size before relaxing)
 .eh_frame      0x0000000000409488       0x68 contiki-native.a(memb.o)
                                         0x70 (size before relaxing)
 .eh_frame      0x00000000004094f0      0x140 contiki-native.a(list.o)
                                        0x128 (size before relaxing)
 .eh_frame      0x0000000000409630      0x190 contiki-native.a(etimer.o)
                                        0x180 (size before relaxing)
 .eh_frame      0x00000000004097c0       0x30 contiki-native.a(random.o)
                                         0x48 (size before relaxing)
 .eh_frame      0x00000000004097f0      0x2c8 contiki-native.a(packetbuf.o)
                                        0x298 (size before relaxing)
 .eh_frame      0x0000000000409ab8       0xb0 contiki-native.a(contiki-main.o)
                                         0xc0 (size before relaxing)
 .eh_frame      0x0000000000409b68       0x48 contiki-native.a(clock.o)
                                         0x60 (size before relaxing)
 .eh_frame      0x0000000000409bb0       0x60 contiki-native.a(button-sensor.o)
                                         0x70 (size before relaxing)
 .eh_frame      0x0000000000409c10       0x60 contiki-native.a(pir-sensor.o)
                                         0x70 (size before relaxing)
 .eh_frame      0x0000000000409c70       0x60 contiki-native.a(vib-sensor.o)
                                         0x70 (size before relaxing)
 .eh_frame      0x0000000000409cd0       0xa8 contiki-native.a(sensors.o)
                                         0xb0 (size before relaxing)
 .eh_frame      0x0000000000409d78       0xc8 contiki-native.a(rime.o)
                                         0xe0 (size before relaxing)
 .eh_frame      0x0000000000409e40      0x130 contiki-native.a(announcement.o)
                                        0x140 (size before relaxing)
 .eh_frame      0x0000000000409f70      0x118 contiki-native.a(broadcast-annou)
                                        0x120 (size before relaxing)
 .eh_frame      0x000000000040a088       0x78 contiki-native.a(chameleon.o)
                                         0x90 (size before relaxing)
 .eh_frame      0x000000000040a100      0x160 contiki-native.a(chameleon-bitop)
 .eh_frame      0x000000000040a260       0x90 contiki-native.a(nullmac.o)
                                         0xa0 (size before relaxing)
 .eh_frame      0x000000000040a2f0       0xf0 contiki-native.a(nullrdc.o)
                                        0x100 (size before relaxing)
 .eh_frame      0x000000000040a3e0       0x18 contiki-native.a(mac.o)
                                         0x30 (size before relaxing)
 .eh_frame      0x000000000040a3f8       0x40 contiki-native.a(framer-nullmac.)
                                         0x50 (size before relaxing)
 .eh_frame      0x000000000040a438      0x180 contiki-native.a(process.o)
                                        0x178 (size before relaxing)
 .eh_frame      0x000000000040a5b8       0x50 contiki-native.a(autostart.o)
                                         0x68 (size before relaxing)
 .eh_frame      0x000000000040a608       0x58 contiki-native.a(serial-line.o)
                                         0x70 (size before relaxing)
 .eh_frame      0x000000000040a660       0x98 contiki-native.a(timer.o)
                                         0xa0 (size before relaxing)
 .eh_frame      0x000000000040a6f8      0x100 contiki-native.a(ctimer.o)
                                        0x110 (size before relaxing)
 .eh_frame      0x000000000040a7f8       0x78 contiki-native.a(ringbuf.o)
                                         0x80 (size before relaxing)
 .eh_frame      0x000000000040a870       0x18 contiki-native.a(netstack.o)
                                         0x30 (size before relaxing)
 .eh_frame      0x000000000040a888      0x120 contiki-native.a(queuebuf.o)
 .eh_frame      0x000000000040a9a8      0x1b0 contiki-native.a(tcpip.o)
 .eh_frame      0x000000000040ab58      0x1d0 contiki-native.a(uip.o)
                                        0x1a8 (size before relaxing)
 .eh_frame      0x000000000040ad28       0xf0 contiki-native.a(nullradio.o)
                                         0xe0 (size before relaxing)
 .eh_frame      0x000000000040ae18       0x60 /usr/lib/libc_nonshared.a(elf-init.oS)
                                         0x78 (size before relaxing)
 .eh_frame      0x000000000040ae78        0x4 /usr/lib/gcc/x86_64-unknown-linux-gnu/5.3.0/crtend.o
 *(.eh_frame.*)

.gcc_except_table
 *(.gcc_except_table .gcc_except_table.*)

.gnu_extab
 *(.gnu_extab*)

.exception_ranges
 *(.exception_ranges .exception_ranges*)
                0x000000000060b000                . = DATA_SEGMENT_ALIGN (0x200000, 0x1000)

.eh_frame
 *(.eh_frame)
 *(.eh_frame.*)

.gnu_extab
 *(.gnu_extab)

.gcc_except_table
 *(.gcc_except_table .gcc_except_table.*)

.exception_ranges
 *(.exception_ranges .exception_ranges*)

.tdata
 *(.tdata .tdata.* .gnu.linkonce.td.*)

.tbss
 *(.tbss .tbss.* .gnu.linkonce.tb.*)
 *(.tcommon)

.preinit_array  0x000000000060b000        0x0
                [!provide]                        PROVIDE (__preinit_array_start, .)
 *(.preinit_array)
                [!provide]                        PROVIDE (__preinit_array_end, .)

.init_array     0x000000000060b000        0x8
                0x000000000060b000                PROVIDE (__init_array_start, .)
 *(SORT(.init_array.*) SORT(.ctors.*))
 *(.init_array EXCLUDE_FILE(*crtend?.o *crtend.o *crtbegin?.o *crtbegin.o) .ctors)
 .init_array    0x000000000060b000        0x8 /usr/lib/gcc/x86_64-unknown-linux-gnu/5.3.0/crtbegin.o
                0x000000000060b008                PROVIDE (__init_array_end, .)

.fini_array     0x000000000060b008        0x8
                [!provide]                        PROVIDE (__fini_array_start, .)
 *(SORT(.fini_array.*) SORT(.dtors.*))
 *(.fini_array EXCLUDE_FILE(*crtend?.o *crtend.o *crtbegin?.o *crtbegin.o) .dtors)
 .fini_array    0x000000000060b008        0x8 /usr/lib/gcc/x86_64-unknown-linux-gnu/5.3.0/crtbegin.o
                [!provide]                        PROVIDE (__fini_array_end, .)

.ctors
 *crtbegin.o(.ctors)
 *crtbegin?.o(.ctors)
 *(EXCLUDE_FILE(*crtend?.o *crtend.o) .ctors)
 *(SORT(.ctors.*))
 *(.ctors)

.dtors
 *crtbegin.o(.dtors)
 *crtbegin?.o(.dtors)
 *(EXCLUDE_FILE(*crtend?.o *crtend.o) .dtors)
 *(SORT(.dtors.*))
 *(.dtors)

.jcr            0x000000000060b010        0x8
 *(.jcr)
 .jcr           0x000000000060b010        0x0 /usr/lib/gcc/x86_64-unknown-linux-gnu/5.3.0/crtbegin.o
 .jcr           0x000000000060b010        0x8 /usr/lib/gcc/x86_64-unknown-linux-gnu/5.3.0/crtend.o

.data.rel.ro
 *(.data.rel.ro.local* .gnu.linkonce.d.rel.ro.local.*)
 *(.data.rel.ro .data.rel.ro.* .gnu.linkonce.d.rel.ro.*)

.dynamic        0x000000000060b018      0x1e0
 *(.dynamic)
 .dynamic       0x000000000060b018      0x1e0 /usr/lib/gcc/x86_64-unknown-linux-gnu/5.3.0/../../../../lib/crt1.o
                0x000000000060b018                _DYNAMIC

.got            0x000000000060b1f8        0x8
 *(.got)
 .got           0x000000000060b1f8        0x8 /usr/lib/gcc/x86_64-unknown-linux-gnu/5.3.0/../../../../lib/crt1.o
 *(.igot)
                0x000000000060b200                . = DATA_SEGMENT_RELRO_END (., (SIZEOF (.got.plt) >= 0x18)?0x18:0x0)

.got.plt        0x000000000060b200       0x90
 *(.got.plt)
 .got.plt       0x000000000060b200       0x90 /usr/lib/gcc/x86_64-unknown-linux-gnu/5.3.0/../../../../lib/crt1.o
                0x000000000060b200                _GLOBAL_OFFSET_TABLE_
 *(.igot.plt)
 .igot.plt      0x000000000060b290        0x0 /usr/lib/gcc/x86_64-unknown-linux-gnu/5.3.0/../../../../lib/crt1.o

.data           0x000000000060b2a0      0x1a0
 *(.data .data.* .gnu.linkonce.d.*)
 .data          0x000000000060b2a0        0x4 /usr/lib/gcc/x86_64-unknown-linux-gnu/5.3.0/../../../../lib/crt1.o
                0x000000000060b2a0                data_start
                0x000000000060b2a0                __data_start
 .data          0x000000000060b2a4        0x0 /usr/lib/gcc/x86_64-unknown-linux-gnu/5.3.0/../../../../lib/crti.o
 *fill*         0x000000000060b2a4        0x4 
 .data          0x000000000060b2a8        0x8 /usr/lib/gcc/x86_64-unknown-linux-gnu/5.3.0/crtbegin.o
                0x000000000060b2a8                __dso_handle
 *fill*         0x000000000060b2b0       0x10 
 .data          0x000000000060b2c0       0x58 example-neighbors.co
                0x000000000060b2c0                unicast_process
                0x000000000060b2e0                broadcast_process
 .data          0x000000000060b318        0x0 contiki-native.a(rimeaddr.o)
 .data          0x000000000060b318        0x0 contiki-native.a(broadcast.o)
 .data          0x000000000060b318        0x0 contiki-native.a(unicast.o)
 .data          0x000000000060b318        0x0 contiki-native.a(abc.o)
 .data          0x000000000060b318        0x0 contiki-native.a(channel.o)
 .data          0x000000000060b318        0x0 contiki-native.a(memb.o)
 .data          0x000000000060b318        0x0 contiki-native.a(list.o)
 *fill*         0x000000000060b318        0x8 
 .data          0x000000000060b320       0x20 contiki-native.a(etimer.o)
                0x000000000060b320                etimer_process
 .data          0x000000000060b340        0x0 contiki-native.a(random.o)
 .data          0x000000000060b340        0x0 contiki-native.a(packetbuf.o)
 .data          0x000000000060b340       0x20 contiki-native.a(contiki-main.o)
                0x000000000060b340                sensors
 .data          0x000000000060b360        0x0 contiki-native.a(clock.o)
 .data          0x000000000060b360        0x0 contiki-native.a(button-sensor.o)
 .data          0x000000000060b360        0x0 contiki-native.a(pir-sensor.o)
 .data          0x000000000060b360        0x0 contiki-native.a(vib-sensor.o)
 .data          0x000000000060b360       0x20 contiki-native.a(sensors.o)
                0x000000000060b360                sensors_process
 .data          0x000000000060b380        0x0 contiki-native.a(rime.o)
 .data          0x000000000060b380        0x0 contiki-native.a(announcement.o)
 .data          0x000000000060b380        0x0 contiki-native.a(broadcast-annou)
 .data          0x000000000060b380        0x0 contiki-native.a(chameleon.o)
 .data          0x000000000060b380        0x0 contiki-native.a(chameleon-bitop)
 .data          0x000000000060b380        0x0 contiki-native.a(nullmac.o)
 .data          0x000000000060b380        0x0 contiki-native.a(nullrdc.o)
 .data          0x000000000060b380        0x0 contiki-native.a(mac.o)
 .data          0x000000000060b380        0x0 contiki-native.a(framer-nullmac.)
 .data          0x000000000060b380        0x0 contiki-native.a(process.o)
 .data          0x000000000060b380        0x0 contiki-native.a(autostart.o)
 .data          0x000000000060b380       0x20 contiki-native.a(serial-line.o)
                0x000000000060b380                serial_line_process
 .data          0x000000000060b3a0        0x0 contiki-native.a(timer.o)
 .data          0x000000000060b3a0       0x20 contiki-native.a(ctimer.o)
                0x000000000060b3a0                ctimer_process
 .data          0x000000000060b3c0        0x0 contiki-native.a(ringbuf.o)
 .data          0x000000000060b3c0        0x0 contiki-native.a(netstack.o)
 .data          0x000000000060b3c0       0x58 contiki-native.a(queuebuf.o)
 *fill*         0x000000000060b418        0x8 
 .data          0x000000000060b420       0x20 contiki-native.a(tcpip.o)
                0x000000000060b420                tcpip_process
 .data          0x000000000060b440        0x0 contiki-native.a(uip.o)
 .data          0x000000000060b440        0x0 contiki-native.a(nullradio.o)
 .data          0x000000000060b440        0x0 /usr/lib/libc_nonshared.a(elf-init.oS)
 .data          0x000000000060b440        0x0 /usr/lib/gcc/x86_64-unknown-linux-gnu/5.3.0/crtend.o
 .data          0x000000000060b440        0x0 /usr/lib/gcc/x86_64-unknown-linux-gnu/5.3.0/../../../../lib/crtn.o

.tm_clone_table
                0x000000000060b440        0x0
 .tm_clone_table
                0x000000000060b440        0x0 /usr/lib/gcc/x86_64-unknown-linux-gnu/5.3.0/crtbegin.o
 .tm_clone_table
                0x000000000060b440        0x0 /usr/lib/gcc/x86_64-unknown-linux-gnu/5.3.0/crtend.o

.data1
 *(.data1)
                0x000000000060b440                _edata = .
                [!provide]                        PROVIDE (edata, .)
                0x000000000060b440                . = .
                0x000000000060b440                __bss_start = .

.bss            0x000000000060b440     0x1f70
 *(.dynbss)
 .dynbss        0x000000000060b440       0x28 /usr/lib/gcc/x86_64-unknown-linux-gnu/5.3.0/../../../../lib/crt1.o
                0x000000000060b440                stdout@@GLIBC_2.2.5
                0x000000000060b460                stderr@@GLIBC_2.2.5
 *(.bss .bss.* .gnu.linkonce.b.*)
 .bss           0x000000000060b468        0x0 /usr/lib/gcc/x86_64-unknown-linux-gnu/5.3.0/../../../../lib/crt1.o
 .bss           0x000000000060b468        0x0 /usr/lib/gcc/x86_64-unknown-linux-gnu/5.3.0/../../../../lib/crti.o
 .bss           0x000000000060b468        0x1 /usr/lib/gcc/x86_64-unknown-linux-gnu/5.3.0/crtbegin.o
 *fill*         0x000000000060b469       0x17 
 .bss           0x000000000060b480      0x270 example-neighbors.co
 .bss           0x000000000060b6f0        0x0 contiki-native.a(rimeaddr.o)
 .bss           0x000000000060b6f0        0x0 contiki-native.a(broadcast.o)
 .bss           0x000000000060b6f0        0x0 contiki-native.a(unicast.o)
 .bss           0x000000000060b6f0        0x0 contiki-native.a(abc.o)
 .bss           0x000000000060b6f0        0x8 contiki-native.a(channel.o)
 .bss           0x000000000060b6f8        0x0 contiki-native.a(memb.o)
 .bss           0x000000000060b6f8        0x0 contiki-native.a(list.o)
 .bss           0x000000000060b6f8       0x10 contiki-native.a(etimer.o)
 .bss           0x000000000060b708        0x0 contiki-native.a(random.o)
 *fill*         0x000000000060b708       0x18 
 .bss           0x000000000060b720       0xd8 contiki-native.a(packetbuf.o)
 *fill*         0x000000000060b7f8        0x8 
 .bss           0x000000000060b800       0x60 contiki-native.a(contiki-main.o)
                0x000000000060b800                contiki_argc
 .bss           0x000000000060b860        0x0 contiki-native.a(clock.o)
 .bss           0x000000000060b860        0x0 contiki-native.a(button-sensor.o)
 .bss           0x000000000060b860        0x4 contiki-native.a(pir-sensor.o)
 .bss           0x000000000060b864        0x4 contiki-native.a(vib-sensor.o)
 .bss           0x000000000060b868        0x9 contiki-native.a(sensors.o)
 *fill*         0x000000000060b871        0x7 
 .bss           0x000000000060b878        0x8 contiki-native.a(rime.o)
 .bss           0x000000000060b880       0x18 contiki-native.a(announcement.o)
 *fill*         0x000000000060b898        0x8 
 .bss           0x000000000060b8a0       0xd8 contiki-native.a(broadcast-annou)
 .bss           0x000000000060b978        0x0 contiki-native.a(chameleon.o)
 .bss           0x000000000060b978        0x0 contiki-native.a(chameleon-bitop)
 .bss           0x000000000060b978        0x0 contiki-native.a(nullmac.o)
 .bss           0x000000000060b978        0x0 contiki-native.a(nullrdc.o)
 .bss           0x000000000060b978        0x0 contiki-native.a(mac.o)
 .bss           0x000000000060b978        0x0 contiki-native.a(framer-nullmac.)
 *fill*         0x000000000060b978        0x8 
 .bss           0x000000000060b980      0x343 contiki-native.a(process.o)
                0x000000000060b980                process_current
                0x000000000060b988                process_list
 .bss           0x000000000060bcc3        0x0 contiki-native.a(autostart.o)
 *fill*         0x000000000060bcc3       0x1d 
 .bss           0x000000000060bce0      0x150 contiki-native.a(serial-line.o)
 .bss           0x000000000060be30        0x0 contiki-native.a(timer.o)
 .bss           0x000000000060be30       0x10 contiki-native.a(ctimer.o)
 .bss           0x000000000060be40        0x0 contiki-native.a(ringbuf.o)
 .bss           0x000000000060be40        0x0 contiki-native.a(netstack.o)
 .bss           0x000000000060be40      0x6c8 contiki-native.a(queuebuf.o)
 *fill*         0x000000000060c508       0x18 
 .bss           0x000000000060c520      0x2e0 contiki-native.a(tcpip.o)
 .bss           0x000000000060c800       0x12 contiki-native.a(uip.o)
                0x000000000060c800                uip_lladdr
 .bss           0x000000000060c812        0x0 contiki-native.a(nullradio.o)
 .bss           0x000000000060c812        0x0 /usr/lib/libc_nonshared.a(elf-init.oS)
 .bss           0x000000000060c812        0x0 /usr/lib/gcc/x86_64-unknown-linux-gnu/5.3.0/crtend.o
 .bss           0x000000000060c812        0x0 /usr/lib/gcc/x86_64-unknown-linux-gnu/5.3.0/../../../../lib/crtn.o
 *(COMMON)
 COMMON         0x000000000060c812        0x2 contiki-native.a(rimeaddr.o)
                0x000000000060c812                rimeaddr_node_addr
 *fill*         0x000000000060c814        0xc 
 COMMON         0x000000000060c820       0x38 contiki-native.a(packetbuf.o)
                0x000000000060c820                packetbuf_attrs
                0x000000000060c850                packetbuf_addrs
 COMMON         0x000000000060c858        0xc contiki-native.a(contiki-main.o)
                0x000000000060c858                contiki_argv
                0x000000000060c860                sensors_flags
 COMMON         0x000000000060c864        0x1 contiki-native.a(sensors.o)
                0x000000000060c864                sensors_event
 COMMON         0x000000000060c865        0x1 contiki-native.a(serial-line.o)
                0x000000000060c865                serial_line_event_message
 COMMON         0x000000000060c866        0x1 contiki-native.a(tcpip.o)
                0x000000000060c866                tcpip_event
 *fill*         0x000000000060c867       0x19 
 COMMON         0x000000000060c880      0xb30 contiki-native.a(uip.o)
                0x000000000060c880                uip_draddr
                0x000000000060c884                uip_slen
                0x000000000060c886                uip_acc32
                0x000000000060c8a0                uip_conns
                0x000000000060d020                uip_netmask
                0x000000000060d024                uip_hostaddr
                0x000000000060d028                uip_appdata
                0x000000000060d030                uip_flags
                0x000000000060d040                uip_aligned_buf
                0x000000000060d200                uip_listenports
                0x000000000060d250                uip_len
                0x000000000060d258                uip_sappdata
                0x000000000060d260                uip_udp_conns
                0x000000000060d3a0                uip_udp_conn
                0x000000000060d3a8                uip_conn
                0x000000000060d3b0                . = ALIGN ((. != 0x0)?0x8:0x1)

.lbss
 *(.dynlbss)
 *(.lbss .lbss.* .gnu.linkonce.lb.*)
 *(LARGE_COMMON)
                0x000000000060d3b0                . = ALIGN (0x8)
                0x000000000060d3b0                . = SEGMENT_START ("ldata-segment", .)

.lrodata
 *(.lrodata .lrodata.* .gnu.linkonce.lr.*)

.ldata          0x0000000000a0d3b0        0x0
 *(.ldata .ldata.* .gnu.linkonce.l.*)
                0x0000000000a0d3b0                . = ALIGN ((. != 0x0)?0x8:0x1)
                0x0000000000a0d3b0                . = ALIGN (0x8)
                0x0000000000a0d3b0                _end = .
                [!provide]                        PROVIDE (end, .)
                0x0000000000a0d3b0                . = DATA_SEGMENT_END (.)

.stab
 *(.stab)

.stabstr
 *(.stabstr)

.stab.excl
 *(.stab.excl)

.stab.exclstr
 *(.stab.exclstr)

.stab.index
 *(.stab.index)

.stab.indexstr
 *(.stab.indexstr)

.comment        0x0000000000000000       0x11
 *(.comment)
 .comment       0x0000000000000000       0x11 /usr/lib/gcc/x86_64-unknown-linux-gnu/5.3.0/../../../../lib/crt1.o
                                         0x12 (size before relaxing)
 .comment       0x0000000000000011       0x12 /usr/lib/gcc/x86_64-unknown-linux-gnu/5.3.0/crtbegin.o
 .comment       0x0000000000000011       0x12 example-neighbors.co
 .comment       0x0000000000000011       0x12 contiki-native.a(rimeaddr.o)
 .comment       0x0000000000000011       0x12 contiki-native.a(broadcast.o)
 .comment       0x0000000000000011       0x12 contiki-native.a(unicast.o)
 .comment       0x0000000000000011       0x12 contiki-native.a(abc.o)
 .comment       0x0000000000000011       0x12 contiki-native.a(channel.o)
 .comment       0x0000000000000011       0x12 contiki-native.a(memb.o)
 .comment       0x0000000000000011       0x12 contiki-native.a(list.o)
 .comment       0x0000000000000011       0x12 contiki-native.a(etimer.o)
 .comment       0x0000000000000011       0x12 contiki-native.a(random.o)
 .comment       0x0000000000000011       0x12 contiki-native.a(packetbuf.o)
 .comment       0x0000000000000011       0x12 contiki-native.a(contiki-main.o)
 .comment       0x0000000000000011       0x12 contiki-native.a(clock.o)
 .comment       0x0000000000000011       0x12 contiki-native.a(button-sensor.o)
 .comment       0x0000000000000011       0x12 contiki-native.a(pir-sensor.o)
 .comment       0x0000000000000011       0x12 contiki-native.a(vib-sensor.o)
 .comment       0x0000000000000011       0x12 contiki-native.a(sensors.o)
 .comment       0x0000000000000011       0x12 contiki-native.a(rime.o)
 .comment       0x0000000000000011       0x12 contiki-native.a(announcement.o)
 .comment       0x0000000000000011       0x12 contiki-native.a(broadcast-annou)
 .comment       0x0000000000000011       0x12 contiki-native.a(chameleon.o)
 .comment       0x0000000000000011       0x12 contiki-native.a(chameleon-bitop)
 .comment       0x0000000000000011       0x12 contiki-native.a(nullmac.o)
 .comment       0x0000000000000011       0x12 contiki-native.a(nullrdc.o)
 .comment       0x0000000000000011       0x12 contiki-native.a(mac.o)
 .comment       0x0000000000000011       0x12 contiki-native.a(framer-nullmac.)
 .comment       0x0000000000000011       0x12 contiki-native.a(process.o)
 .comment       0x0000000000000011       0x12 contiki-native.a(autostart.o)
 .comment       0x0000000000000011       0x12 contiki-native.a(serial-line.o)
 .comment       0x0000000000000011       0x12 contiki-native.a(timer.o)
 .comment       0x0000000000000011       0x12 contiki-native.a(ctimer.o)
 .comment       0x0000000000000011       0x12 contiki-native.a(ringbuf.o)
 .comment       0x0000000000000011       0x12 contiki-native.a(netstack.o)
 .comment       0x0000000000000011       0x12 contiki-native.a(queuebuf.o)
 .comment       0x0000000000000011       0x12 contiki-native.a(tcpip.o)
 .comment       0x0000000000000011       0x12 contiki-native.a(uip.o)
 .comment       0x0000000000000011       0x12 contiki-native.a(nullradio.o)
 .comment       0x0000000000000011       0x12 /usr/lib/libc_nonshared.a(elf-init.oS)
 .comment       0x0000000000000011       0x12 /usr/lib/gcc/x86_64-unknown-linux-gnu/5.3.0/crtend.o

.debug
 *(.debug)

.line
 *(.line)

.debug_srcinfo
 *(.debug_srcinfo)

.debug_sfnames
 *(.debug_sfnames)

.debug_aranges  0x0000000000000000      0x6f0
 *(.debug_aranges)
 .debug_aranges
                0x0000000000000000       0x30 example-neighbors.co
 .debug_aranges
                0x0000000000000030       0x30 contiki-native.a(rimeaddr.o)
 .debug_aranges
                0x0000000000000060       0x30 contiki-native.a(broadcast.o)
 .debug_aranges
                0x0000000000000090       0x30 contiki-native.a(unicast.o)
 .debug_aranges
                0x00000000000000c0       0x30 contiki-native.a(abc.o)
 .debug_aranges
                0x00000000000000f0       0x30 contiki-native.a(channel.o)
 .debug_aranges
                0x0000000000000120       0x30 contiki-native.a(memb.o)
 .debug_aranges
                0x0000000000000150       0x30 contiki-native.a(list.o)
 .debug_aranges
                0x0000000000000180       0x30 contiki-native.a(etimer.o)
 .debug_aranges
                0x00000000000001b0       0x30 contiki-native.a(random.o)
 .debug_aranges
                0x00000000000001e0       0x30 contiki-native.a(packetbuf.o)
 .debug_aranges
                0x0000000000000210       0x30 contiki-native.a(contiki-main.o)
 .debug_aranges
                0x0000000000000240       0x30 contiki-native.a(clock.o)
 .debug_aranges
                0x0000000000000270       0x30 contiki-native.a(button-sensor.o)
 .debug_aranges
                0x00000000000002a0       0x30 contiki-native.a(pir-sensor.o)
 .debug_aranges
                0x00000000000002d0       0x30 contiki-native.a(vib-sensor.o)
 .debug_aranges
                0x0000000000000300       0x30 contiki-native.a(sensors.o)
 .debug_aranges
                0x0000000000000330       0x30 contiki-native.a(rime.o)
 .debug_aranges
                0x0000000000000360       0x30 contiki-native.a(announcement.o)
 .debug_aranges
                0x0000000000000390       0x30 contiki-native.a(broadcast-annou)
 .debug_aranges
                0x00000000000003c0       0x30 contiki-native.a(chameleon.o)
 .debug_aranges
                0x00000000000003f0       0x30 contiki-native.a(chameleon-bitop)
 .debug_aranges
                0x0000000000000420       0x30 contiki-native.a(nullmac.o)
 .debug_aranges
                0x0000000000000450       0x30 contiki-native.a(nullrdc.o)
 .debug_aranges
                0x0000000000000480       0x30 contiki-native.a(mac.o)
 .debug_aranges
                0x00000000000004b0       0x30 contiki-native.a(framer-nullmac.)
 .debug_aranges
                0x00000000000004e0       0x30 contiki-native.a(process.o)
 .debug_aranges
                0x0000000000000510       0x30 contiki-native.a(autostart.o)
 .debug_aranges
                0x0000000000000540       0x30 contiki-native.a(serial-line.o)
 .debug_aranges
                0x0000000000000570       0x30 contiki-native.a(timer.o)
 .debug_aranges
                0x00000000000005a0       0x30 contiki-native.a(ctimer.o)
 .debug_aranges
                0x00000000000005d0       0x30 contiki-native.a(ringbuf.o)
 .debug_aranges
                0x0000000000000600       0x30 contiki-native.a(netstack.o)
 .debug_aranges
                0x0000000000000630       0x30 contiki-native.a(queuebuf.o)
 .debug_aranges
                0x0000000000000660       0x30 contiki-native.a(tcpip.o)
 .debug_aranges
                0x0000000000000690       0x30 contiki-native.a(uip.o)
 .debug_aranges
                0x00000000000006c0       0x30 contiki-native.a(nullradio.o)

.debug_pubnames
 *(.debug_pubnames)

.debug_info     0x0000000000000000     0xdb81
 *(.debug_info .gnu.linkonce.wi.*)
 .debug_info    0x0000000000000000     0x1016 example-neighbors.co
 .debug_info    0x0000000000001016      0x1e9 contiki-native.a(rimeaddr.o)
 .debug_info    0x00000000000011ff      0x5ca contiki-native.a(broadcast.o)
 .debug_info    0x00000000000017c9      0x65f contiki-native.a(unicast.o)
 .debug_info    0x0000000000001e28      0x465 contiki-native.a(abc.o)
 .debug_info    0x000000000000228d      0x34b contiki-native.a(channel.o)
 .debug_info    0x00000000000025d8      0x1e7 contiki-native.a(memb.o)
 .debug_info    0x00000000000027bf      0x3be contiki-native.a(list.o)
 .debug_info    0x0000000000002b7d      0x6ac contiki-native.a(etimer.o)
 .debug_info    0x0000000000003229      0x10f contiki-native.a(random.o)
 .debug_info    0x0000000000003338      0x8a5 contiki-native.a(packetbuf.o)
 .debug_info    0x0000000000003bdd      0xe1f contiki-native.a(contiki-main.o)
 .debug_info    0x00000000000049fc      0x1ae contiki-native.a(clock.o)
 .debug_info    0x0000000000004baa      0x1de contiki-native.a(button-sensor.o)
 .debug_info    0x0000000000004d88      0x200 contiki-native.a(pir-sensor.o)
 .debug_info    0x0000000000004f88      0x1f1 contiki-native.a(vib-sensor.o)
 .debug_info    0x0000000000005179      0x4c7 contiki-native.a(sensors.o)
 .debug_info    0x0000000000005640      0x66c contiki-native.a(rime.o)
 .debug_info    0x0000000000005cac      0x5a8 contiki-native.a(announcement.o)
 .debug_info    0x0000000000006254      0xa14 contiki-native.a(broadcast-annou)
 .debug_info    0x0000000000006c68      0x583 contiki-native.a(chameleon.o)
 .debug_info    0x00000000000071eb      0x9d1 contiki-native.a(chameleon-bitop)
 .debug_info    0x0000000000007bbc      0x37f contiki-native.a(nullmac.o)
 .debug_info    0x0000000000007f3b      0x850 contiki-native.a(nullrdc.o)
 .debug_info    0x000000000000878b      0x146 contiki-native.a(mac.o)
 .debug_info    0x00000000000088d1      0x352 contiki-native.a(framer-nullmac.)
 .debug_info    0x0000000000008c23      0x8e6 contiki-native.a(process.o)
 .debug_info    0x0000000000009509      0x1f6 contiki-native.a(autostart.o)
 .debug_info    0x00000000000096ff      0x49f contiki-native.a(serial-line.o)
 .debug_info    0x0000000000009b9e      0x1e4 contiki-native.a(timer.o)
 .debug_info    0x0000000000009d82      0x75c contiki-native.a(ctimer.o)
 .debug_info    0x000000000000a4de      0x1d5 contiki-native.a(ringbuf.o)
 .debug_info    0x000000000000a6b3      0x371 contiki-native.a(netstack.o)
 .debug_info    0x000000000000aa24      0xaa0 contiki-native.a(queuebuf.o)
 .debug_info    0x000000000000b4c4     0x11f3 contiki-native.a(tcpip.o)
 .debug_info    0x000000000000c6b7     0x11c7 contiki-native.a(uip.o)
 .debug_info    0x000000000000d87e      0x303 contiki-native.a(nullradio.o)

.debug_abbrev   0x0000000000000000     0x4350
 *(.debug_abbrev)
 .debug_abbrev  0x0000000000000000      0x2a8 example-neighbors.co
 .debug_abbrev  0x00000000000002a8      0x160 contiki-native.a(rimeaddr.o)
 .debug_abbrev  0x0000000000000408      0x1df contiki-native.a(broadcast.o)
 .debug_abbrev  0x00000000000005e7      0x1f9 contiki-native.a(unicast.o)
 .debug_abbrev  0x00000000000007e0      0x18b contiki-native.a(abc.o)
 .debug_abbrev  0x000000000000096b      0x14b contiki-native.a(channel.o)
 .debug_abbrev  0x0000000000000ab6      0x10a contiki-native.a(memb.o)
 .debug_abbrev  0x0000000000000bc0      0x18b contiki-native.a(list.o)
 .debug_abbrev  0x0000000000000d4b      0x276 contiki-native.a(etimer.o)
 .debug_abbrev  0x0000000000000fc1       0xa2 contiki-native.a(random.o)
 .debug_abbrev  0x0000000000001063      0x2a6 contiki-native.a(packetbuf.o)
 .debug_abbrev  0x0000000000001309      0x35e contiki-native.a(contiki-main.o)
 .debug_abbrev  0x0000000000001667       0xe1 contiki-native.a(clock.o)
 .debug_abbrev  0x0000000000001748       0xe6 contiki-native.a(button-sensor.o)
 .debug_abbrev  0x000000000000182e      0x113 contiki-native.a(pir-sensor.o)
 .debug_abbrev  0x0000000000001941      0x104 contiki-native.a(vib-sensor.o)
 .debug_abbrev  0x0000000000001a45      0x283 contiki-native.a(sensors.o)
 .debug_abbrev  0x0000000000001cc8      0x203 contiki-native.a(rime.o)
 .debug_abbrev  0x0000000000001ecb      0x1b3 contiki-native.a(announcement.o)
 .debug_abbrev  0x000000000000207e      0x23f contiki-native.a(broadcast-annou)
 .debug_abbrev  0x00000000000022bd      0x1d1 contiki-native.a(chameleon.o)
 .debug_abbrev  0x000000000000248e      0x278 contiki-native.a(chameleon-bitop)
 .debug_abbrev  0x0000000000002706      0x192 contiki-native.a(nullmac.o)
 .debug_abbrev  0x0000000000002898      0x2a3 contiki-native.a(nullrdc.o)
 .debug_abbrev  0x0000000000002b3b       0xbd contiki-native.a(mac.o)
 .debug_abbrev  0x0000000000002bf8      0x14e contiki-native.a(framer-nullmac.)
 .debug_abbrev  0x0000000000002d46      0x33b contiki-native.a(process.o)
 .debug_abbrev  0x0000000000003081      0x116 contiki-native.a(autostart.o)
 .debug_abbrev  0x0000000000003197      0x20c contiki-native.a(serial-line.o)
 .debug_abbrev  0x00000000000033a3       0xec contiki-native.a(timer.o)
 .debug_abbrev  0x000000000000348f      0x1e9 contiki-native.a(ctimer.o)
 .debug_abbrev  0x0000000000003678       0xea contiki-native.a(ringbuf.o)
 .debug_abbrev  0x0000000000003762       0xdd contiki-native.a(netstack.o)
 .debug_abbrev  0x000000000000383f      0x259 contiki-native.a(queuebuf.o)
 .debug_abbrev  0x0000000000003a98      0x412 contiki-native.a(tcpip.o)
 .debug_abbrev  0x0000000000003eaa      0x34c contiki-native.a(uip.o)
 .debug_abbrev  0x00000000000041f6      0x15a contiki-native.a(nullradio.o)

.debug_line     0x0000000000000000     0x2c0d
 *(.debug_line .debug_line.* .debug_line_end)
 .debug_line    0x0000000000000000      0x26a example-neighbors.co
 .debug_line    0x000000000000026a       0x92 contiki-native.a(rimeaddr.o)
 .debug_line    0x00000000000002fc       0xeb contiki-native.a(broadcast.o)
 .debug_line    0x00000000000003e7       0xf6 contiki-native.a(unicast.o)
 .debug_line    0x00000000000004dd       0xcc contiki-native.a(abc.o)
 .debug_line    0x00000000000005a9       0xe8 contiki-native.a(channel.o)
 .debug_line    0x0000000000000691       0xa6 contiki-native.a(memb.o)
 .debug_line    0x0000000000000737       0xe6 contiki-native.a(list.o)
 .debug_line    0x000000000000081d      0x15a contiki-native.a(etimer.o)
 .debug_line    0x0000000000000977       0x66 contiki-native.a(random.o)
 .debug_line    0x00000000000009dd      0x16c contiki-native.a(packetbuf.o)
 .debug_line    0x0000000000000b49      0x338 contiki-native.a(contiki-main.o)
 .debug_line    0x0000000000000e81       0xad contiki-native.a(clock.o)
 .debug_line    0x0000000000000f2e       0x7f contiki-native.a(button-sensor.o)
 .debug_line    0x0000000000000fad       0x7d contiki-native.a(pir-sensor.o)
 .debug_line    0x000000000000102a       0x7d contiki-native.a(vib-sensor.o)
 .debug_line    0x00000000000010a7      0x154 contiki-native.a(sensors.o)
 .debug_line    0x00000000000011fb      0x17b contiki-native.a(rime.o)
 .debug_line    0x0000000000001376       0xf4 contiki-native.a(announcement.o)
 .debug_line    0x000000000000146a      0x1fb contiki-native.a(broadcast-annou)
 .debug_line    0x0000000000001665      0x13a contiki-native.a(chameleon.o)
 .debug_line    0x000000000000179f      0x1c2 contiki-native.a(chameleon-bitop)
 .debug_line    0x0000000000001961       0x9b contiki-native.a(nullmac.o)
 .debug_line    0x00000000000019fc      0x158 contiki-native.a(nullrdc.o)
 .debug_line    0x0000000000001b54       0x6e contiki-native.a(mac.o)
 .debug_line    0x0000000000001bc2       0xcb contiki-native.a(framer-nullmac.)
 .debug_line    0x0000000000001c8d      0x1c5 contiki-native.a(process.o)
 .debug_line    0x0000000000001e52       0x96 contiki-native.a(autostart.o)
 .debug_line    0x0000000000001ee8       0xf4 contiki-native.a(serial-line.o)
 .debug_line    0x0000000000001fdc       0xac contiki-native.a(timer.o)
 .debug_line    0x0000000000002088      0x140 contiki-native.a(ctimer.o)
 .debug_line    0x00000000000021c8       0x9b contiki-native.a(ringbuf.o)
 .debug_line    0x0000000000002263       0xa8 contiki-native.a(netstack.o)
 .debug_line    0x000000000000230b      0x11d contiki-native.a(queuebuf.o)
 .debug_line    0x0000000000002428      0x282 contiki-native.a(tcpip.o)
 .debug_line    0x00000000000026aa      0x4ea contiki-native.a(uip.o)
 .debug_line    0x0000000000002b94       0x79 contiki-native.a(nullradio.o)

.debug_frame
 *(.debug_frame)

.debug_str      0x0000000000000000     0x245f
 *(.debug_str)
 .debug_str     0x0000000000000000      0x862 example-neighbors.co
                                        0x963 (size before relaxing)
 .debug_str     0x0000000000000862       0x6c contiki-native.a(rimeaddr.o)
                                        0x163 (size before relaxing)
 .debug_str     0x00000000000008ce       0xa1 contiki-native.a(broadcast.o)
                                        0x542 (size before relaxing)
 .debug_str     0x000000000000096f       0x4a contiki-native.a(unicast.o)
                                        0x57d (size before relaxing)
 .debug_str     0x00000000000009b9       0x51 contiki-native.a(abc.o)
                                        0x4b6 (size before relaxing)
 .debug_str     0x0000000000000a0a       0x7e contiki-native.a(channel.o)
                                        0x1fb (size before relaxing)
 .debug_str     0x0000000000000a88       0x3f contiki-native.a(memb.o)
                                        0x12b (size before relaxing)
 .debug_str     0x0000000000000ac7       0x61 contiki-native.a(list.o)
                                        0x124 (size before relaxing)
 .debug_str     0x0000000000000b28      0x14b contiki-native.a(etimer.o)
                                        0x30b (size before relaxing)
 .debug_str     0x0000000000000c73       0x51 contiki-native.a(random.o)
                                        0x133 (size before relaxing)
 .debug_str     0x0000000000000cc4      0x202 contiki-native.a(packetbuf.o)
                                        0x665 (size before relaxing)
 .debug_str     0x0000000000000ec6      0x2b7 contiki-native.a(contiki-main.o)
                                        0x651 (size before relaxing)
 .debug_str     0x000000000000117d       0x67 contiki-native.a(clock.o)
                                        0x17e (size before relaxing)
 .debug_str     0x00000000000011e4       0x44 contiki-native.a(button-sensor.o)
                                        0x14e (size before relaxing)
 .debug_str     0x0000000000001228       0x4a contiki-native.a(pir-sensor.o)
                                        0x161 (size before relaxing)
 .debug_str     0x0000000000001272       0x37 contiki-native.a(vib-sensor.o)
                                        0x14e (size before relaxing)
 .debug_str     0x00000000000012a9       0xab contiki-native.a(sensors.o)
                                        0x270 (size before relaxing)
 .debug_str     0x0000000000001354      0x120 contiki-native.a(rime.o)
                                        0x362 (size before relaxing)
 .debug_str     0x0000000000001474      0x19c contiki-native.a(announcement.o)
                                        0x327 (size before relaxing)
 .debug_str     0x0000000000001610      0x192 contiki-native.a(broadcast-annou)
                                        0x4ff (size before relaxing)
 .debug_str     0x00000000000017a2       0x3f contiki-native.a(chameleon.o)
                                        0x621 (size before relaxing)
 .debug_str     0x00000000000017e1       0xc1 contiki-native.a(chameleon-bitop)
                                        0x5c5 (size before relaxing)
 .debug_str     0x00000000000018a2       0x41 contiki-native.a(nullmac.o)
                                        0x1c6 (size before relaxing)
 .debug_str     0x00000000000018e3      0x131 contiki-native.a(nullrdc.o)
                                        0x6b3 (size before relaxing)
 .debug_str     0x0000000000001a14       0x16 contiki-native.a(mac.o)
                                        0x174 (size before relaxing)
 .debug_str     0x0000000000001a2a       0x2d contiki-native.a(framer-nullmac.)
                                        0x495 (size before relaxing)
 .debug_str     0x0000000000001a57       0xf5 contiki-native.a(process.o)
                                        0x41a (size before relaxing)
 .debug_str     0x0000000000001b4c       0x27 contiki-native.a(autostart.o)
                                        0x17a (size before relaxing)
 .debug_str     0x0000000000001b73       0xae contiki-native.a(serial-line.o)
                                        0x27f (size before relaxing)
 .debug_str     0x0000000000001c21       0x24 contiki-native.a(timer.o)
                                        0x159 (size before relaxing)
 .debug_str     0x0000000000001c45       0x93 contiki-native.a(ctimer.o)
                                        0x2c1 (size before relaxing)
 .debug_str     0x0000000000001cd8       0x34 contiki-native.a(ringbuf.o)
                                        0x161 (size before relaxing)
 .debug_str     0x0000000000001d0c       0x17 contiki-native.a(netstack.o)
                                        0x207 (size before relaxing)
 .debug_str     0x0000000000001d23      0x163 contiki-native.a(queuebuf.o)
                                        0x6e1 (size before relaxing)
 .debug_str     0x0000000000001e86      0x2ff contiki-native.a(tcpip.o)
                                        0x6e5 (size before relaxing)
 .debug_str     0x0000000000002185      0x2a1 contiki-native.a(uip.o)
                                        0x5f6 (size before relaxing)
 .debug_str     0x0000000000002426       0x39 contiki-native.a(nullradio.o)
                                        0x16c (size before relaxing)

.debug_loc      0x0000000000000000     0x6e6c
 *(.debug_loc)
 .debug_loc     0x0000000000000000      0x593 example-neighbors.co
 .debug_loc     0x0000000000000593       0xc1 contiki-native.a(rimeaddr.o)
 .debug_loc     0x0000000000000654      0x2e5 contiki-native.a(broadcast.o)
 .debug_loc     0x0000000000000939      0x36a contiki-native.a(unicast.o)
 .debug_loc     0x0000000000000ca3      0x2ac contiki-native.a(abc.o)
 .debug_loc     0x0000000000000f4f      0x223 contiki-native.a(channel.o)
 .debug_loc     0x0000000000001172      0x166 contiki-native.a(memb.o)
 .debug_loc     0x00000000000012d8      0x41b contiki-native.a(list.o)
 .debug_loc     0x00000000000016f3      0x5a3 contiki-native.a(etimer.o)
 .debug_loc     0x0000000000001c96       0x39 contiki-native.a(random.o)
 .debug_loc     0x0000000000001ccf      0x43d contiki-native.a(packetbuf.o)
 .debug_loc     0x000000000000210c      0x425 contiki-native.a(contiki-main.o)
 .debug_loc     0x0000000000002531       0x39 contiki-native.a(pir-sensor.o)
 .debug_loc     0x000000000000256a      0x3c9 contiki-native.a(sensors.o)
 .debug_loc     0x0000000000002933      0x302 contiki-native.a(rime.o)
 .debug_loc     0x0000000000002c35      0x39f contiki-native.a(announcement.o)
 .debug_loc     0x0000000000002fd4      0x4d9 contiki-native.a(broadcast-annou)
 .debug_loc     0x00000000000034ad      0x118 contiki-native.a(chameleon.o)
 .debug_loc     0x00000000000035c5      0xb7f contiki-native.a(chameleon-bitop)
 .debug_loc     0x0000000000004144       0xab contiki-native.a(nullmac.o)
 .debug_loc     0x00000000000041ef      0x308 contiki-native.a(nullrdc.o)
 .debug_loc     0x00000000000044f7      0x11d contiki-native.a(mac.o)
 .debug_loc     0x0000000000004614       0x6c contiki-native.a(framer-nullmac.)
 .debug_loc     0x0000000000004680      0x4dd contiki-native.a(process.o)
 .debug_loc     0x0000000000004b5d      0x106 contiki-native.a(autostart.o)
 .debug_loc     0x0000000000004c63      0x2be contiki-native.a(serial-line.o)
 .debug_loc     0x0000000000004f21      0x194 contiki-native.a(timer.o)
 .debug_loc     0x00000000000050b5      0x61a contiki-native.a(ctimer.o)
 .debug_loc     0x00000000000056cf       0x5c contiki-native.a(ringbuf.o)
 .debug_loc     0x000000000000572b      0x2ac contiki-native.a(queuebuf.o)
 .debug_loc     0x00000000000059d7      0xbae contiki-native.a(tcpip.o)
 .debug_loc     0x0000000000006585      0x8e7 contiki-native.a(uip.o)

.debug_macinfo
 *(.debug_macinfo)

.debug_weaknames
 *(.debug_weaknames)

.debug_funcnames
 *(.debug_funcnames)

.debug_typenames
 *(.debug_typenames)

.debug_varnames
 *(.debug_varnames)

.debug_pubtypes
 *(.debug_pubtypes)

.debug_ranges   0x0000000000000000       0x90
 *(.debug_ranges)
 .debug_ranges  0x0000000000000000       0x30 example-neighbors.co
 .debug_ranges  0x0000000000000030       0x60 contiki-native.a(contiki-main.o)

.debug_macro
 *(.debug_macro)

.gnu.attributes
 *(.gnu.attributes)

/DISCARD/
 *(.note.GNU-stack)
 *(.gnu_debuglink)
 *(.gnu.lto_*)
OUTPUT(example-neighbors.native elf64-x86-64)
